[2026-05-15T18:32:43.519+08:00] Getting interface description
[2026-05-15T18:32:43.520+08:00] Interface description end
[2026-05-15T18:32:43.520+08:00] Uploading test info to server
[2026-05-15T18:32:43.520+08:00] UploadTestInfoToServer end
[2026-05-15T18:32:43.520+08:00] will get size
[2026-05-15T18:32:44.084+08:00] size: 944x687
[2026-05-15T18:32:44.191+08:00] will get screenshot dimensions
[2026-05-15T18:32:44.239+08:00] screenshot dimensions 944 x 687
[2026-05-15T18:32:44.239+08:00] calculated dpr: 1
[2026-05-15T18:32:44.239+08:00] shrunkShotToLogicalRatio 1
[2026-05-18T16:31:56.129+08:00] Getting interface description
[2026-05-18T16:31:56.129+08:00] Interface description end
[2026-05-18T16:31:56.129+08:00] Uploading test info to server
[2026-05-18T16:31:56.129+08:00] UploadTestInfoToServer end
[2026-05-18T16:31:56.129+08:00] will get size
[2026-05-18T16:31:56.132+08:00] size: 1600x687
[2026-05-18T16:31:56.227+08:00] will get screenshot dimensions
[2026-05-18T16:31:56.296+08:00] screenshot dimensions 1600 x 687
[2026-05-18T16:31:56.296+08:00] calculated dpr: 1
[2026-05-18T16:31:56.296+08:00] shrunkShotToLogicalRatio 1
[2026-05-18T16:33:44.686+08:00] Getting interface description
[2026-05-18T16:33:44.686+08:00] Interface description end
[2026-05-18T16:33:44.686+08:00] Uploading test info to server
[2026-05-18T16:33:44.686+08:00] UploadTestInfoToServer end
[2026-05-18T16:33:44.686+08:00] will get size
[2026-05-18T16:33:44.688+08:00] size: 1600x739
[2026-05-18T16:33:44.801+08:00] will get screenshot dimensions
[2026-05-18T16:33:44.859+08:00] screenshot dimensions 1600 x 739
[2026-05-18T16:33:44.859+08:00] calculated dpr: 1
[2026-05-18T16:33:44.859+08:00] shrunkShotToLogicalRatio 1
[2026-05-18T16:37:19.835+08:00] Getting interface description
[2026-05-18T16:37:19.835+08:00] Interface description end
[2026-05-18T16:37:19.835+08:00] Uploading test info to server
[2026-05-18T16:37:19.835+08:00] UploadTestInfoToServer end
[2026-05-18T16:37:19.835+08:00] will get size
[2026-05-18T16:37:19.838+08:00] size: 1600x687
[2026-05-18T16:37:19.942+08:00] will get screenshot dimensions
[2026-05-18T16:37:20.005+08:00] screenshot dimensions 1600 x 687
[2026-05-18T16:37:20.005+08:00] calculated dpr: 1
[2026-05-18T16:37:20.005+08:00] shrunkShotToLogicalRatio 1
[2026-05-18T16:39:38.552+08:00] Getting interface description
[2026-05-18T16:39:38.552+08:00] Interface description end
[2026-05-18T16:39:38.552+08:00] Uploading test info to server
[2026-05-18T16:39:38.553+08:00] UploadTestInfoToServer end
[2026-05-18T16:39:38.553+08:00] will get size
[2026-05-18T16:39:38.555+08:00] size: 1600x687
[2026-05-18T16:39:38.653+08:00] will get screenshot dimensions
[2026-05-18T16:39:38.708+08:00] screenshot dimensions 1600 x 687
[2026-05-18T16:39:38.709+08:00] calculated dpr: 1
[2026-05-18T16:39:38.709+08:00] shrunkShotToLogicalRatio 1
[2026-05-18T17:02:12.451+08:00] Getting interface description
[2026-05-18T17:02:12.452+08:00] Interface description end
[2026-05-18T17:02:12.452+08:00] Uploading test info to server
[2026-05-18T17:02:12.452+08:00] UploadTestInfoToServer end
[2026-05-18T17:02:12.452+08:00] will get size
[2026-05-18T17:02:12.454+08:00] size: 1600x687
[2026-05-18T17:02:12.563+08:00] will get screenshot dimensions
[2026-05-18T17:02:12.626+08:00] screenshot dimensions 1600 x 687
[2026-05-18T17:02:12.627+08:00] calculated dpr: 1
[2026-05-18T17:02:12.627+08:00] shrunkShotToLogicalRatio 1
[2026-05-18T17:19:57.732+08:00] Getting interface description
[2026-05-18T17:19:57.733+08:00] Interface description end
[2026-05-18T17:19:57.733+08:00] Uploading test info to server
[2026-05-18T17:19:57.733+08:00] UploadTestInfoToServer end
[2026-05-18T17:19:57.733+08:00] will get size
[2026-05-18T17:19:57.735+08:00] size: 1600x687
[2026-05-18T17:19:57.858+08:00] will get screenshot dimensions
[2026-05-18T17:19:57.919+08:00] screenshot dimensions 1600 x 687
[2026-05-18T17:19:57.919+08:00] calculated dpr: 1
[2026-05-18T17:19:57.920+08:00] shrunkShotToLogicalRatio 1
[2026-05-18T17:24:09.590+08:00] Getting interface description
[2026-05-18T17:24:09.590+08:00] Interface description end
[2026-05-18T17:24:09.590+08:00] Uploading test info to server
[2026-05-18T17:24:09.590+08:00] UploadTestInfoToServer end
[2026-05-18T17:24:09.591+08:00] will get size
[2026-05-18T17:24:09.593+08:00] size: 1600x687
[2026-05-18T17:24:09.696+08:00] will get screenshot dimensions
[2026-05-18T17:24:09.759+08:00] screenshot dimensions 1600 x 687
[2026-05-18T17:24:09.759+08:00] calculated dpr: 1
[2026-05-18T17:24:09.759+08:00] shrunkShotToLogicalRatio 1
[2026-05-18T17:24:18.622+08:00] Getting interface description
[2026-05-18T17:24:18.622+08:00] Interface description end
[2026-05-18T17:24:18.622+08:00] Uploading test info to server
[2026-05-18T17:24:18.622+08:00] UploadTestInfoToServer end
[2026-05-18T17:24:18.622+08:00] will get size
[2026-05-18T17:24:18.623+08:00] size: 1600x687
[2026-05-18T17:24:18.722+08:00] will get screenshot dimensions
[2026-05-18T17:24:18.780+08:00] screenshot dimensions 1600 x 687
[2026-05-18T17:24:18.780+08:00] calculated dpr: 1
[2026-05-18T17:24:18.780+08:00] shrunkShotToLogicalRatio 1
[2026-05-18T17:24:25.576+08:00] Getting interface description
[2026-05-18T17:24:25.577+08:00] Interface description end
[2026-05-18T17:24:25.577+08:00] Uploading test info to server
[2026-05-18T17:24:25.577+08:00] UploadTestInfoToServer end
[2026-05-18T17:24:25.577+08:00] will get size
[2026-05-18T17:24:25.579+08:00] size: 1600x687
[2026-05-18T17:24:25.667+08:00] will get screenshot dimensions
[2026-05-18T17:24:25.700+08:00] screenshot dimensions 1600 x 687
[2026-05-18T17:24:25.700+08:00] calculated dpr: 1
[2026-05-18T17:24:25.700+08:00] shrunkShotToLogicalRatio 1
[2026-05-18T17:24:25.707+08:00] Getting interface description
[2026-05-18T17:24:25.707+08:00] Interface description end
[2026-05-18T17:24:25.707+08:00] Uploading test info to server
[2026-05-18T17:24:25.707+08:00] UploadTestInfoToServer end
[2026-05-18T17:24:25.707+08:00] will get size
[2026-05-18T17:24:25.708+08:00] size: 1600x687
[2026-05-18T17:24:25.801+08:00] will get screenshot dimensions
[2026-05-18T17:24:25.835+08:00] screenshot dimensions 1600 x 687
[2026-05-18T17:24:25.835+08:00] calculated dpr: 1
[2026-05-18T17:24:25.835+08:00] shrunkShotToLogicalRatio 1
[2026-05-18T17:24:31.467+08:00] Getting interface description
[2026-05-18T17:24:31.468+08:00] Interface description end
[2026-05-18T17:24:31.468+08:00] Uploading test info to server
[2026-05-18T17:24:31.468+08:00] UploadTestInfoToServer end
[2026-05-18T17:24:31.468+08:00] will get size
[2026-05-18T17:24:31.469+08:00] size: 1600x687
[2026-05-18T17:24:31.557+08:00] will get screenshot dimensions
[2026-05-18T17:24:31.589+08:00] screenshot dimensions 1600 x 687
[2026-05-18T17:24:31.589+08:00] calculated dpr: 1
[2026-05-18T17:24:31.589+08:00] shrunkShotToLogicalRatio 1
[2026-05-18T17:50:49.270+08:00] Getting interface description
[2026-05-18T17:50:49.270+08:00] Interface description end
[2026-05-18T17:50:49.270+08:00] Uploading test info to server
[2026-05-18T17:50:49.270+08:00] UploadTestInfoToServer end
[2026-05-18T17:50:49.270+08:00] will get size
[2026-05-18T17:50:49.272+08:00] size: 1600x687
[2026-05-18T17:50:49.372+08:00] will get screenshot dimensions
[2026-05-18T17:50:49.433+08:00] screenshot dimensions 1600 x 687
[2026-05-18T17:50:49.433+08:00] calculated dpr: 1
[2026-05-18T17:50:49.433+08:00] shrunkShotToLogicalRatio 1
[2026-05-18T17:52:50.868+08:00] Getting interface description
[2026-05-18T17:52:50.868+08:00] Interface description end
[2026-05-18T17:52:50.868+08:00] Uploading test info to server
[2026-05-18T17:52:50.869+08:00] UploadTestInfoToServer end
[2026-05-18T17:52:50.869+08:00] will get size
[2026-05-18T17:52:50.871+08:00] size: 1600x687
[2026-05-18T17:52:50.971+08:00] will get screenshot dimensions
[2026-05-18T17:52:51.036+08:00] screenshot dimensions 1600 x 687
[2026-05-18T17:52:51.036+08:00] calculated dpr: 1
[2026-05-18T17:52:51.036+08:00] shrunkShotToLogicalRatio 1
[2026-05-18T17:53:36.712+08:00] Getting interface description
[2026-05-18T17:53:36.712+08:00] Interface description end
[2026-05-18T17:53:36.712+08:00] Uploading test info to server
[2026-05-18T17:53:36.712+08:00] UploadTestInfoToServer end
[2026-05-18T17:53:36.712+08:00] will get size
[2026-05-18T17:53:36.715+08:00] size: 1600x687
[2026-05-18T17:53:36.854+08:00] will get screenshot dimensions
[2026-05-18T17:53:36.912+08:00] screenshot dimensions 1600 x 687
[2026-05-18T17:53:36.912+08:00] calculated dpr: 1
[2026-05-18T17:53:36.912+08:00] shrunkShotToLogicalRatio 1
[2026-05-18T17:54:37.635+08:00] Getting interface description
[2026-05-18T17:54:37.636+08:00] Interface description end
[2026-05-18T17:54:37.636+08:00] Uploading test info to server
[2026-05-18T17:54:37.636+08:00] UploadTestInfoToServer end
[2026-05-18T17:54:37.636+08:00] will get size
[2026-05-18T18:00:44.120+08:00] Getting interface description
[2026-05-18T18:00:44.120+08:00] Interface description end
[2026-05-18T18:00:44.120+08:00] Uploading test info to server
[2026-05-18T18:00:44.120+08:00] UploadTestInfoToServer end
[2026-05-18T18:00:44.120+08:00] will get size
[2026-05-18T18:00:44.123+08:00] size: 1600x687
[2026-05-18T18:00:44.235+08:00] will get screenshot dimensions
[2026-05-18T18:00:44.310+08:00] screenshot dimensions 1600 x 687
[2026-05-18T18:00:44.310+08:00] calculated dpr: 1
[2026-05-18T18:00:44.310+08:00] shrunkShotToLogicalRatio 1
[2026-05-18T18:04:45.071+08:00] Getting interface description
[2026-05-18T18:04:45.071+08:00] Interface description end
[2026-05-18T18:04:45.071+08:00] Uploading test info to server
[2026-05-18T18:04:45.071+08:00] UploadTestInfoToServer end
[2026-05-18T18:04:45.071+08:00] will get size
[2026-05-18T18:04:45.073+08:00] size: 1600x687
[2026-05-18T18:04:45.187+08:00] will get screenshot dimensions
[2026-05-18T18:04:45.255+08:00] screenshot dimensions 1600 x 687
[2026-05-18T18:04:45.255+08:00] calculated dpr: 1
[2026-05-18T18:04:45.255+08:00] shrunkShotToLogicalRatio 1
[2026-05-18T18:04:55.202+08:00] Getting interface description
[2026-05-18T18:04:55.202+08:00] Interface description end
[2026-05-18T18:04:55.202+08:00] Uploading test info to server
[2026-05-18T18:04:55.202+08:00] UploadTestInfoToServer end
[2026-05-18T18:04:55.202+08:00] will get size
[2026-05-18T18:04:55.203+08:00] size: 1600x687
[2026-05-18T18:04:55.304+08:00] will get screenshot dimensions
[2026-05-18T18:04:55.336+08:00] screenshot dimensions 1600 x 687
[2026-05-18T18:04:55.336+08:00] calculated dpr: 1
[2026-05-18T18:04:55.336+08:00] shrunkShotToLogicalRatio 1
[2026-05-18T18:04:55.343+08:00] Getting interface description
[2026-05-18T18:04:55.343+08:00] Interface description end
[2026-05-18T18:04:55.343+08:00] Uploading test info to server
[2026-05-18T18:04:55.343+08:00] UploadTestInfoToServer end
[2026-05-18T18:04:55.343+08:00] will get size
[2026-05-18T18:04:55.344+08:00] size: 1600x687
[2026-05-18T18:04:55.471+08:00] will get screenshot dimensions
[2026-05-18T18:04:55.501+08:00] screenshot dimensions 1600 x 687
[2026-05-18T18:04:55.502+08:00] calculated dpr: 1
[2026-05-18T18:04:55.502+08:00] shrunkShotToLogicalRatio 1
[2026-05-18T18:05:02.563+08:00] Getting interface description
[2026-05-18T18:05:02.563+08:00] Interface description end
[2026-05-18T18:05:02.563+08:00] Uploading test info to server
[2026-05-18T18:05:02.563+08:00] UploadTestInfoToServer end
[2026-05-18T18:05:02.563+08:00] will get size
[2026-05-18T18:05:02.564+08:00] size: 1600x687
[2026-05-18T18:05:02.666+08:00] will get screenshot dimensions
[2026-05-18T18:05:02.698+08:00] screenshot dimensions 1600 x 687
[2026-05-18T18:05:02.698+08:00] calculated dpr: 1
[2026-05-18T18:05:02.698+08:00] shrunkShotToLogicalRatio 1
[2026-05-18T18:05:08.994+08:00] Getting interface description
[2026-05-18T18:05:08.994+08:00] Interface description end
[2026-05-18T18:05:08.994+08:00] Uploading test info to server
[2026-05-18T18:05:08.994+08:00] UploadTestInfoToServer end
[2026-05-18T18:05:08.994+08:00] will get size
[2026-05-18T18:05:08.994+08:00] size: 1600x687
[2026-05-18T18:05:09.278+08:00] will get screenshot dimensions
[2026-05-18T18:05:09.311+08:00] screenshot dimensions 1600 x 687
[2026-05-18T18:05:09.311+08:00] calculated dpr: 1
[2026-05-18T18:05:09.311+08:00] shrunkShotToLogicalRatio 1
[2026-05-18T18:05:14.970+08:00] Getting interface description
[2026-05-18T18:05:14.970+08:00] Interface description end
[2026-05-18T18:05:14.970+08:00] Uploading test info to server
[2026-05-18T18:05:14.970+08:00] UploadTestInfoToServer end
[2026-05-18T18:05:14.970+08:00] will get size
[2026-05-18T18:05:14.971+08:00] size: 1600x687
[2026-05-18T18:05:15.054+08:00] will get screenshot dimensions
[2026-05-18T18:05:15.082+08:00] screenshot dimensions 1600 x 687
[2026-05-18T18:05:15.082+08:00] calculated dpr: 1
[2026-05-18T18:05:15.082+08:00] shrunkShotToLogicalRatio 1
