[2026-05-18T17:24:25.576+08:00] task completed via <complete> tag, stop planning
[2026-05-18T17:51:01.083+08:00] task completed via <complete> tag, stop planning
[2026-05-18T17:52:56.971+08:00] task completed via <complete> tag, stop planning
[2026-05-18T17:53:42.277+08:00] task completed via <complete> tag, stop planning
[2026-05-18T18:00:53.126+08:00] task completed via <complete> tag, stop planning
[2026-05-18T18:04:55.202+08:00] task completed via <complete> tag, stop planning
[2026-05-18T18:05:08.993+08:00] actionInActionSpace matched {
  name: 'Tap',
  description: 'Tap the element',
  interfaceAlias: 'aiTap',
  paramSchema: ZodObject {
    spa: [Function: bound safeParseAsync] AsyncFunction,
    _def: {
      shape: [Function: shape],
      unknownKeys: 'strip',
      catchall: [ZodNever],
      typeName: 'ZodObject'
    },
    parse: [Function: bound parse],
    safeParse: [Function: bound safeParse],
    parseAsync: [Function: bound parseAsync] AsyncFunction,
    safeParseAsync: [Function: bound safeParseAsync] AsyncFunction,
    refine: [Function: bound refine],
    refinement: [Function: bound refinement],
    superRefine: [Function: bound superRefine],
    optional: [Function: bound optional],
    nullable: [Function: bound nullable],
    nullish: [Function: bound nullish],
    array: [Function: bound array],
    promise: [Function: bound promise],
    or: [Function: bound or],
    and: [Function: bound and],
    transform: [Function: bound transform],
    brand: [Function: bound brand],
    default: [Function: bound default],
    catch: [Function: bound catch],
    describe: [Function: bound describe],
    pipe: [Function: bound pipe],
    readonly: [Function: bound readonly],
    isNullable: [Function: bound isNullable],
    isOptional: [Function: bound isOptional],
    '~standard': { version: 1, vendor: 'zod', validate: [Function: validate] },
    _cached: null,
    nonstrict: [Function: passthrough],
    augment: [Function: extend]
  },
  sample: { locate: { prompt: 'the "Submit" button' } },
  call: [AsyncFunction: call]
}
[2026-05-18T18:05:08.993+08:00] locateFields [ 'locate' ]
[2026-05-18T18:05:21.456+08:00] task completed via <complete> tag, stop planning
